npm warn Unknown env config "http-proxy". This will stop working in the next major version of npm.

> track-fold@0.1.0 check
> npm run build && npm test && node scripts/check.mjs

npm warn Unknown env config "http-proxy". This will stop working in the next major version of npm.

> track-fold@0.1.0 build
> node scripts/build.mjs

Built standalone dist/index.html (57886 bytes)
npm warn Unknown env config "http-proxy". This will stop working in the next major version of npm.

> track-fold@0.1.0 test
> node --test tests/*.test.mjs

✔ handwritten 60-second override requires three tracks (6.943385ms)
✔ threshold override 0 -> 2 (1.065948ms)
✔ threshold override 29 -> 2 (0.295518ms)
✔ threshold override 30 -> 2 (0.343218ms)
✔ threshold override 31 -> 3 (3.630698ms)
✔ threshold override 60 -> 3 (0.265933ms)
✔ threshold override 86400 -> 3 (0.9724ms)
✔ directed reverse is not forward (0.220106ms)
✔ intermediate role rescues infeasible pair including must-share pair (0.584365ms)
✔ half-open adjacency (0.625486ms)
✔ one-second overlap (0.19597ms)
✔ same-role return zero (0.133568ms)
✔ same-role overlap infeasible (0.142561ms)
✔ must-share transitive closure (0.288437ms)
✔ never-share nonadjacent (0.190152ms)
✔ row permutations deterministic (0.346102ms)
✔ translation preserves slack (0.353464ms)
✔ all appearances exactly once (0.311702ms)
✔ operation budget incomplete (0.304361ms)
✔ time budget incomplete (0.145396ms)
✔ progress observable (1.30328ms)
✔ upper role cap full overlap (29.304752ms)
✔ 128 appearances (0.490506ms)
✔ reject no roles (0.779545ms)
✔ reject 17 roles (0.207146ms)
✔ reject duplicate role (0.127058ms)
✔ reject invalid role ID (0.150533ms)
✔ reject unicode role ID (0.176651ms)
✔ reject blank ID (0.105156ms)
✔ reject long ID (0.123553ms)
✔ reject long name (0.213486ms)
✔ reject non-string name (0.204573ms)
✔ reject control name (0.147498ms)
✔ reject null role (0.107269ms)
✔ reject no appearances (0.12134ms)
✔ reject 129 appearances (0.232725ms)
✔ reject duplicate appearance (0.128952ms)
✔ reject invalid appearance ID (0.136292ms)
✔ reject unknown role (0.112056ms)
✔ reject unseen role (0.138275ms)
✔ reject zero duration (0.098075ms)
✔ reject negative start (0.154639ms)
✔ reject fractional start (0.183222ms)
✔ reject outside day (0.136522ms)
✔ reject numeric string (0.1353ms)
✔ reject long cue (0.109232ms)
✔ reject null appearance (0.088521ms)
✔ reject negative default (0.09435ms)
✔ reject default missing (0.096964ms)
✔ reject default infinity (0.136402ms)
✔ reject target zero (0.153978ms)
✔ reject target 17 (0.103994ms)
✔ reject target fractional (0.101701ms)
✔ reject unknown version (0.081811ms)
✔ reject unknown override role (0.093378ms)
✔ reject self override (0.089643ms)
✔ reject duplicate override (0.166827ms)
✔ reject negative override (0.109733ms)
✔ reject null override (0.206476ms)
✔ reject many overrides (0.120018ms)
✔ reject singleton group (0.115481ms)
✔ reject unknown group (0.103213ms)
✔ reject repeat group member (0.098466ms)
✔ reject null group (0.199796ms)
✔ reject too many groups (0.158134ms)
✔ reject triple never pair (0.11453ms)
✔ reject too many never pairs (0.140368ms)
✔ reject nonmodel null (0.084616ms)
✔ reject nonmodel [] (0.069062ms)
✔ reject nonmodel true (0.056063ms)
✔ reject nonmodel "recipe" (0.034281ms)
✔ reject nonmodel 3 (0.047871ms)
✔ input not mutated (0.294366ms)
✔ split UTF8 CLI preserves Japanese cue (60.863204ms)
✔ reject isolated surrogate high (0.436136ms)
✔ reject isolated surrogate low (0.109262ms)
✔ reject isolated surrogate high-end (0.102052ms)
✔ reject isolated surrogate high-then-letter (0.142141ms)
✔ valid astral surrogate pairs preserved (0.187227ms)
✔ canonical line endings CRLF (0.146988ms)
✔ canonical line endings CR (0.163032ms)
✔ canonical line endings mixed (0.202019ms)
✔ CSV guards "=1+1" (1.030256ms)
✔ CSV guards "+sum(1)" (0.129872ms)
✔ CSV guards "-2" (0.107098ms)
✔ CSV guards "@run" (0.13516ms)
✔ CSV guards "  =x" (0.167829ms)
✔ CSV guards "\tplain" (0.098877ms)
✔ CSV guards "\nplain" (0.126627ms)
✔ CSV guards "\rplain" (0.085798ms)
✔ CSV delimiters (0.171244ms)
✔ CSV BOM CRLF (0.293414ms)
✔ HTML escaping (0.183963ms)
✔ standalone HTML prevents executable injection (1.962497ms)
✔ Japanese sheet (0.66816ms)
✔ six bundle files (2.240619ms)
✔ recipe roundtrip (0.646487ms)
✔ nonoptimal exports refused (0.336869ms)
✔ ZIP deterministic and Python CRC Unicode check (35.241852ms)
✔ canonical newline model is identical across recipe CSV HTML (1.750472ms)
✔ input clears before async read begins (2.277263ms)
✔ stale resolved import leaves new model and status untouched (1.238745ms)
✔ stale rejected import leaves new model and status untouched (0.72874ms)
✔ current rejected import reports error while keeping input reselectable (0.95886ms)
ℹ tests 104
ℹ suites 0
ℹ pass 104
ℹ fail 0
ℹ cancelled 0
ℹ skipped 0
ℹ todo 0
ℹ duration_ms 208.337296
Syntax, standalone build, no-network CSP and actual bundled-worker smoke passed
